A51 MACRO ASSEMBLER  MAIN_OFFICIAL                                                        05/17/2025 10:33:34 PAGE     1


MACRO ASSEMBLER A51 V8.2.7.0
OBJECT MODULE PLACED IN .\Objects\main_official.obj
ASSEMBLER INVOKED BY: C:\Keil_v5\C51\BIN\A51.EXE main_official.a51 SET(SMALL) DEBUG PRINT(.\Listings\main_official.lst) 
                      OBJECT(.\Objects\main_official.obj) EP

LOC  OBJ            LINE     SOURCE

                       1     ; Define const and variable 
  0020                 2     BUFFER_SIZE equ 32
  0030                 3     BUFFER_ADDR equ 30H  ; Ðia chi bat dau trong ram noi
                       4     
                       5     ; Ðinh nghia segment du lieu trong RAM noi (bat dau tu 30H)
----                   6     DSEG AT 30H
0030                   7     buffer: DS BUFFER_SIZE
0050                   8     index: DS 1
                       9     
                      10     
                      11     ;===========CODE SEGMENT==========
----                  12     CSEG
0000                  13     ORG 0000H
0000 020178           14     LJMP main
                      15     ; Hàm khoi tao UART
0003                  16     UART_Init:
0003 438920           17         ORL TMOD,   #20H    ; Timer1 mode 2 (8-bit auto-reload)
0006 758DFD           18         MOV TH1,    #0FDH   ; Giá tri TH1 cho speed baud 9600 voi 11.0592MHz
0009 758BFD           19         MOV TL1,    #0FDH   ; gia tri cho thanh ghi TL1
000C 759850           20         MOV SCON,   #50H    ; UART mode 1, nhan du lieu (REN = 1)
000F D28E             21         SETB TR1            ; Bat Timer1
0011 22               22     RET
                      23     
                      24     ; Hàm gui mot ky tu qua UART
0012                  25     UART_Sendchar:
0012 F599             26         MOV SBUF, A         ; Gui ký tu cua A vào SBUF
0014                  27     WAIT_TI:
0014 3099FD           28         JNB TI, WAIT_TI     ; wait flag TI = 1 (truyen xong)
0017 C299             29         CLR TI              ; Reset flag TI
0019 22               30     RET
                      31     
                      32     ; Hàm gui mot chuoi ky tu qua UART
001A                  33     UART_Sendstring:
001A                  34     Send_loop:
001A E6               35         MOV A, @R0          ; Lay ký tu cua dia chi R0
001B 6005             36         JZ Send_End         ; Neu ký tu la '\0', ket thuc
001D 1112             37         ACALL UART_Sendchar ; gui ký tu
001F 08               38         INC R0              ; Tang con tro
0020 80F8             39         SJMP Send_loop
0022                  40     Send_End:
0022 22               41     RET
                      42     
0023                  43     Delay:
0023 7A03             44         mov R2, #3         ; Lặp 10 lần, mỗi lần 50ms
0025                  45     Delay_Loop:
0025 758C4C           46         mov TH0, #04Ch      ; Giá trị tải cao
0028 758A50           47         mov TL0, #050h      ; Giá trị tải thấp
002B C28D             48         clr TF0             ; Xóa cờ tràn Timer 0
002D D28C             49         setb TR0            ; Bật Timer 0
                      50         
002F                  51     WaitT0:
002F 308DFD           52         jnb TF0, WaitT0     ; Đợi đến khi Timer 0 tràn (TF0 = 1)
                      53         
0032 C28D             54         clr TF0             ; Xóa cờ tràn
0034 C28C             55         clr TR0             ; Tắt Timer 0
                      56         
0036 DAED             57         djnz R2, Delay_Loop ; Giảm R2 và lặp nếu chưa đủ 10 lần
A51 MACRO ASSEMBLER  MAIN_OFFICIAL                                                        05/17/2025 10:33:34 PAGE     2

0038 22               58         ret                 ; Trả về
                      59     ;XU LY HIEU UNG LED
0039                  60     Effect1:
0039 7907             61         MOV         R1, #7
                      62        
003B                  63         LoopE1:
003B 75A000           64             MOV     p2, #00000000b
003E 1123             65             ACALL   Delay
0040 1123             66             ACALL   Delay
                      67             
0042 75A0FF           68             MOV     p2, #11111111b
0045 1123             69             ACALL   Delay   
0047 1123             70             ACALL   Delay
                      71           
0049 D9F0             72         DJNZ        R1, LoopE1
                      73     
004B 75A0FF           74         MOV     p2, #0FFH
                      75     
004E 22               76     RET
                      77     
004F                  78     Effect2:
004F 75A0FF           79         MOV         p2, #0FFh
0052 7907             80         MOV         R1, #7
                      81        
0054                  82         LoopE2:
0054 75A055           83             MOV     p2, #01010101b
0057 1123             84             ACALL   Delay
0059 1123             85             ACALL   Delay
                      86             
005B 75A0AA           87             MOV     p2, #10101010b
005E 1123             88             ACALL   Delay
0060 1123             89             ACALL   Delay
                      90             
0062 D9F0             91         DJNZ        R1, LoopE2
                      92     
0064 75A0FF           93         MOV p2, #0FFH
                      94     
0067 22               95     RET
                      96     
0068                  97     Effect3:
0068 75A0E7           98         MOV         p2, #11100111b
006B 1123             99         ACALL       Delay
006D 75A0DB          100         MOV         p2, #11011011b
0070 1123            101         ACALL       Delay
0072 75A0BD          102         MOV         p2, #10111101b
0075 1123            103         ACALL       Delay
0077 75A07E          104         MOV         p2, #01111110b
007A 1123            105         ACALL       Delay
                     106         
007C 75A0E7          107         MOV         p2, #11100111b
007F 1123            108         ACALL       Delay
0081 75A0DB          109         MOV         p2, #11011011b
0084 1123            110         ACALL       Delay
0086 75A0BD          111         MOV         p2, #10111101b
0089 1123            112         ACALL       Delay
008B 75A07E          113         MOV         p2, #01111110b
008E 1123            114         ACALL       Delay
                     115         
0090 75A0E7          116         MOV         p2, #11100111b
0093 1123            117         ACALL       Delay
0095 75A0DB          118         MOV         p2, #11011011b
0098 1123            119         ACALL       Delay
009A 75A0BD          120         MOV         p2, #10111101b
009D 1123            121         ACALL       Delay
009F 75A07E          122         MOV         p2, #01111110b
00A2 1123            123         ACALL       Delay
A51 MACRO ASSEMBLER  MAIN_OFFICIAL                                                        05/17/2025 10:33:34 PAGE     3

                     124         
00A4 75A0E7          125         MOV         p2, #11100111b
00A7 1123            126         ACALL       Delay
00A9 75A0DB          127         MOV         p2, #11011011b
00AC 1123            128         ACALL       Delay
00AE 75A0BD          129         MOV         p2, #10111101b
00B1 1123            130         ACALL       Delay
00B3 75A07E          131         MOV         p2, #01111110b
00B6 1123            132         ACALL       Delay
                     133         
00B8 22              134     RET
                     135     
00B9                 136     Effect4:
00B9 75A07E          137        MOV          p2, #01111110b
00BC 1123            138        ACALL        Delay
00BE 75A0BD          139        MOV          p2, #10111101b
00C1 1123            140        ACALL        Delay
00C3 75A0DB          141        MOV          p2, #11011011b
00C6 1123            142        ACALL        Delay
00C8 75A0E7          143        MOV          p2, #11100111b
00CB 1123            144        ACALL        Delay
                     145        
00CD 75A07E          146        MOV          p2, #01111110b
00D0 1123            147        ACALL        Delay
00D2 75A0BD          148        MOV          p2, #10111101b
00D5 1123            149        ACALL        Delay
00D7 75A0DB          150        MOV          p2, #11011011b
00DA 1123            151        ACALL        Delay
00DC 75A0E7          152        MOV          p2, #11100111b
00DF 1123            153        ACALL        Delay
                     154        
00E1 75A07E          155        MOV          p2, #01111110b
00E4 1123            156        ACALL        Delay
00E6 75A0BD          157        MOV          p2, #10111101b
00E9 1123            158        ACALL        Delay
00EB 75A0DB          159        MOV          p2, #11011011b
00EE 1123            160        ACALL        Delay
00F0 75A0E7          161        MOV          p2, #11100111b
00F3 1123            162        ACALL        Delay
                     163        
00F5 75A07E          164        MOV          p2, #01111110b
00F8 1123            165        ACALL        Delay
00FA 75A0BD          166        MOV          p2, #10111101b
00FD 1123            167        ACALL        Delay
00FF 75A0DB          168        MOV          p2, #11011011b
0102 1123            169        ACALL        Delay
0104 75A0E7          170        MOV          p2, #11100111b
0107 1123            171        ACALL        Delay
                     172     
0109 22              173     RET
                     174     
010A                 175     Effect5:
010A 747F            176         MOV         A, #01111111b
010C 1123            177         ACALL       Delay
                     178        
010E                 179         LoopE51:
010E 23              180             RL      A
010F F5A0            181             MOV     p2, A
0111 1123            182             ACALL   Delay
0113 B47FF8          183             CJNE A, #01111111B, LoopE51
                     184         
0116                 185         LoopE52:
0116 23              186             RL      A
0117 F5A0            187             MOV     p2, A
0119 1123            188             ACALL   Delay
011B B47FF8          189             CJNE A, #01111111B, LoopE52
A51 MACRO ASSEMBLER  MAIN_OFFICIAL                                                        05/17/2025 10:33:34 PAGE     4

                     190         
011E                 191         LoopE53:
011E 23              192             RL      A
011F F5A0            193             MOV     p2, A
0121 1123            194             ACALL   Delay
0123 B47FF8          195             CJNE A, #01111111B, LoopE53
                     196         
0126                 197         LoopE54:
0126 23              198             RL      A
0127 F5A0            199             MOV     p2, A
0129 1123            200             ACALL   Delay
012B B47FF8          201             CJNE A, #01111111B, LoopE54
                     202     
012E 75A0FF          203         MOV p2, #0FFH
                     204     
                     205     
0131 22              206     RET
                     207     
0132                 208     Effect6:
0132 7400            209         MOV A, #00H           ; Neu 'K0', off LED (P2_0 = 1)
0134 F5A0            210         MOV p2, A
0136 22              211     RET
                     212     
                     213     ; Hàm xu ly lenh
0137                 214     Process_command:
0137 E550            215         MOV A, index
0139 603C            216         JZ End_Process      ; Neu index = 0, không xu ly
013B E530            217         MOV A, buffer       ; Lay ký tu dau tien
013D B44537          218         CJNE A, #'E', End_Process ; Neu không phai 'K', bo qua
0140 7930            219         MOV R1, #BUFFER_ADDR
0142 09              220         INC R1
                     221     
0143                 222     CHECK_1:
0143 E7              223         MOV A, @R1     ; L?y ký t? th? hai
0144 B43104          224         CJNE A, #'1', CHECK_2
0147 1139            225         ACALL Effect1
0149 802C            226         SJMP End_Process
                     227         
014B                 228     CHECK_2:
014B E7              229         MOV A, @R1     ; L?y ký t? th? hai
014C B43204          230         CJNE A, #'2', CHECK_3
014F 114F            231         ACALL Effect2
0151 8024            232         SJMP End_Process
                     233         
0153                 234     CHECK_3:
0153 E7              235         MOV A, @R1     ; L?y ký t? th? hai
0154 B43304          236         CJNE A, #'3', CHECK_4
0157 1168            237         ACALL Effect3
0159 801C            238         SJMP End_Process
                     239         
015B                 240     CHECK_4:    
015B E7              241         MOV A, @R1     ; L?y ký t? th? hai
015C B43404          242         CJNE A, #'4', CHECK_5
015F 11B9            243         ACALL Effect4
0161 8014            244         SJMP End_Process
                     245         
0163                 246     CHECK_5:    
0163 E7              247         MOV A, @R1     ; L?y ký t? th? hai
0164 B43504          248         CJNE A, #'5', CHECK_6
0167 310A            249         ACALL Effect5
0169 800C            250         SJMP End_Process
                     251     
016B                 252     CHECK_6:    
016B E7              253         MOV A, @R1     ; L?y ký t? th? hai
016C B43604          254         CJNE A, #'6', CHECK_0
016F 3132            255         ACALL Effect6
A51 MACRO ASSEMBLER  MAIN_OFFICIAL                                                        05/17/2025 10:33:34 PAGE     5

0171 8004            256         SJMP End_Process
                     257     
                     258     
0173                 259     CHECK_0:
0173 74FF            260         MOV A, #0FFH           ; Neu 'K0', off LED (P2_0 = 1)
0175 F5A0            261         MOV p2, A
                     262     
0177                 263     End_Process:
0177 22              264         RET
                     265     
                     266     ; Chuong trinh chinh
0178                 267     main:
                     268     ;khoi tao uart
0178 438921          269         ORL TMOD,   #21H    ; Timer1 mode 2 (8-bit auto-reload)
017B 758DFD          270         MOV TH1,    #0FDH   ; Giá tri TH1 cho speed baud 9600 voi 11.0592MHz
017E 758BFD          271         MOV TL1,    #0FDH   ; gia tri cho thanh ghi TL1
0181 759850          272         MOV SCON,   #50H    ; UART mode 1, nhan du lieu (REN = 1)
0184 D28E            273         SETB TR1            ; Bat Timer1
0186                 274     Main_loop:
0186 3098FD          275         JNB RI, Main_loop   ; Check flag RI = 1 (flag receive)
0189 E599            276         MOV A, SBUF
018B C298            277         CLR RI              ; Reset flag RI
018D B40A15          278         CJNE A, #0AH, NOT_NEWLINE ; neu khong phai '\n', xu ly tiep not newline
                     279         ; Khi nhan '\n'
0190 E550            280         MOV A, index
0192 7830            281         MOV R0, #BUFFER_ADDR
0194 28              282         ADD A, R0
0195 F8              283         MOV R0, A
0196 7600            284         MOV @R0, #0         ; Thêm ký tu null ('\0') vào cuoi buffer
0198 7830            285         MOV R0, #BUFFER_ADDR
019A 111A            286         ACALL UART_Sendstring ; Gui chuoi qua UART
019C 3137            287         ACALL Process_command ; Xu lý lenh
019E 755000          288         MOV index, #0       ; Reset index
01A1 31BB            289         ACALL CLR_CPY
01A3 80E1            290         SJMP Main_loop
01A5                 291     NOT_NEWLINE:
01A5 E550            292         MOV A, index
01A7 B41F02          293         CJNE A, #BUFFER_SIZE-1, Add_Char ; Neu buffer day, bo qua
01AA 80DA            294         SJMP Main_loop
01AC                 295     Add_Char:
01AC 7830            296         MOV R0, #BUFFER_ADDR
01AE E550            297         MOV A, index
01B0 28              298         ADD A, R0
01B1 F8              299         MOV R0, A
01B2 E599            300         MOV A, SBUF         ; Luu ky tu nhan duoc
01B4 F6              301         MOV @R0, A          ; Luu ký tu vào buffer[index]
01B5 0550            302         INC index           ; Tang index
01B7 C298            303         CLR RI
01B9 80CB            304         SJMP Main_loop
01BB                 305     CLR_CPY:
01BB 7830            306         MOV R0, #BUFFER_ADDR
01BD 7920            307         MOV R1, #BUFFER_SIZE
01BF                 308     CLR_LOOP:
01BF 7600            309         MOV @R0, #0
01C1 08              310         INC R0
01C2 D9FB            311         DJNZ R1, CLR_LOOP
01C4 22              312         RET
                     313     END
A51 MACRO ASSEMBLER  MAIN_OFFICIAL                                                        05/17/2025 10:33:34 PAGE     6

SYMBOL TABLE LISTING
------ ----- -------


N A M E             T Y P E  V A L U E   ATTRIBUTES

ADD_CHAR . . . . .  C ADDR   01ACH   A   
BUFFER . . . . . .  D ADDR   0030H   A   
BUFFER_ADDR. . . .  N NUMB   0030H   A   
BUFFER_SIZE. . . .  N NUMB   0020H   A   
CHECK_0. . . . . .  C ADDR   0173H   A   
CHECK_1. . . . . .  C ADDR   0143H   A   
CHECK_2. . . . . .  C ADDR   014BH   A   
CHECK_3. . . . . .  C ADDR   0153H   A   
CHECK_4. . . . . .  C ADDR   015BH   A   
CHECK_5. . . . . .  C ADDR   0163H   A   
CHECK_6. . . . . .  C ADDR   016BH   A   
CLR_CPY. . . . . .  C ADDR   01BBH   A   
CLR_LOOP . . . . .  C ADDR   01BFH   A   
DELAY. . . . . . .  C ADDR   0023H   A   
DELAY_LOOP . . . .  C ADDR   0025H   A   
EFFECT1. . . . . .  C ADDR   0039H   A   
EFFECT2. . . . . .  C ADDR   004FH   A   
EFFECT3. . . . . .  C ADDR   0068H   A   
EFFECT4. . . . . .  C ADDR   00B9H   A   
EFFECT5. . . . . .  C ADDR   010AH   A   
EFFECT6. . . . . .  C ADDR   0132H   A   
END_PROCESS. . . .  C ADDR   0177H   A   
INDEX. . . . . . .  D ADDR   0050H   A   
LOOPE1 . . . . . .  C ADDR   003BH   A   
LOOPE2 . . . . . .  C ADDR   0054H   A   
LOOPE51. . . . . .  C ADDR   010EH   A   
LOOPE52. . . . . .  C ADDR   0116H   A   
LOOPE53. . . . . .  C ADDR   011EH   A   
LOOPE54. . . . . .  C ADDR   0126H   A   
MAIN . . . . . . .  C ADDR   0178H   A   
MAIN_LOOP. . . . .  C ADDR   0186H   A   
NOT_NEWLINE. . . .  C ADDR   01A5H   A   
P2 . . . . . . . .  D ADDR   00A0H   A   
PROCESS_COMMAND. .  C ADDR   0137H   A   
RI . . . . . . . .  B ADDR   0098H.0 A   
SBUF . . . . . . .  D ADDR   0099H   A   
SCON . . . . . . .  D ADDR   0098H   A   
SEND_END . . . . .  C ADDR   0022H   A   
SEND_LOOP. . . . .  C ADDR   001AH   A   
TF0. . . . . . . .  B ADDR   0088H.5 A   
TH0. . . . . . . .  D ADDR   008CH   A   
TH1. . . . . . . .  D ADDR   008DH   A   
TI . . . . . . . .  B ADDR   0098H.1 A   
TL0. . . . . . . .  D ADDR   008AH   A   
TL1. . . . . . . .  D ADDR   008BH   A   
TMOD . . . . . . .  D ADDR   0089H   A   
TR0. . . . . . . .  B ADDR   0088H.4 A   
TR1. . . . . . . .  B ADDR   0088H.6 A   
UART_INIT. . . . .  C ADDR   0003H   A   
UART_SENDCHAR. . .  C ADDR   0012H   A   
UART_SENDSTRING. .  C ADDR   001AH   A   
WAITT0 . . . . . .  C ADDR   002FH   A   
WAIT_TI. . . . . .  C ADDR   0014H   A   


REGISTER BANK(S) USED: 0 


ASSEMBLY COMPLETE.  0 WARNING(S), 0 ERROR(S)
